result=true
arch=19
n_layers=36
n_heads=32
n_kv_heads=8
d_model=2560
d_ff=0
vocab_size=151936
max_seq_len=0
head_dim=128
rope_theta=0x1.388p+13
rms_norm_eps=0x1.4f8b58p-17
rope_freq_scale=0x1p+0
embed_scale=0x0p+0
attn_scale=0x0p+0
logits_scaling=0x1p+0
norm_weight_offset=0x0p+0
n_experts=0
n_experts_active=0
expert_d_ff=0
n_kv_heads_per_layer=[]
d_ff_per_layer=[]
head_dim_per_layer=[]
n_heads_per_layer=[]
swa_layers=[]
rope_theta_swa=0x0p+0
rope_inv_freqs_global=[]
ssm_conv_kernel=0
ssm_state_size=0
ssm_group_count=0
ssm_inner_size=0
ssm_dt_rank=0
gdn_grouped_head_layout=0
hc_count=0
hc_lowrank=0
ple_eos_token_id=-1
gdn_gate_sigmoid=0
rope_dim=0
qsa_budget=0
qsa_ratio=0
rope_neox=1
mrope_section=[0,0,0]
mrope_interleaved=0
kv_lora_rank=0
q_lora_rank=0
qk_rope_head_dim=0
qk_nope_head_dim=0
v_head_dim=0
mla_mscale=0x1p+0
mla_mscale_num=0x1p+0
first_k_dense_replace=0
rope_attn_disabled=0
yarn_ext_factor=0x0p+0
yarn_attn_factor=0x1p+0
yarn_beta_fast=0x1p+5
yarn_beta_slow=0x1p+0
rope_n_ctx_orig=0
attn_temp_scale=0x0p+0
attn_temp_floor=0
rope_short_factor=[]
rope_long_factor=[]
rope_scaling_orig_max_pos=0
sliding_window=0
sliding_window_pattern=0
rope_local_theta=0x0p+0
ffn_activation=0
norm_placement=0
n_experts_shared=0
expert_shared_d_ff=0
expert_weights_scale=0x1p+0
expert_weights_norm=0
moe_sigmoid_gating=0
attn_logit_softcap=0x0p+0
final_logit_softcap=0x0p+0
mxfp4_hadamard_attn=0
mxfp4_hadamard_ffn=0
multimodal_wrapper=0
has_audio_config=0
rope_scaling_unhandled=0
is_nvfp4_prequant=0
nvfp4_group_size=16
is_llm_compressor_nvfp4=0
nvfp4_exclude_modules=[]
is_mxfp4_prequant=0
mxfp4_block_size=32
is_awq_prequant=0
awq_group_size=128
kv_cache_quant_hint=""
tie_word_embeddings=-1
attention_bias=-1
mlp_bias=-1
arch_inferred_fallback=1
overrides.gemma4.force_mmvq=0
